    Checking cfg-if v1.0.5
    Checking memchr v2.8.3
    Checking libc v0.2.189
    Checking regex-syntax v0.8.11
    Checking typenum v1.20.1
    Checking smallvec v1.16.2
    Checking stable_deref_trait v1.2.1
    Checking once_cell v1.21.4
    Checking rand_core v0.10.1
    Checking bitflags v2.13.2
    Checking thiserror v2.0.21
    Checking fastrand v2.5.0
    Checking scopeguard v1.2.0
    Checking lock_api v0.4.14
    Checking crossbeam-utils v0.8.23
    Checking generic-array v0.14.7
    Checking aho-corasick v1.1.5
    Checking cpufeatures v0.2.17
    Checking byteorder v1.5.0
    Checking gix-trace v0.1.21
    Checking cpufeatures v0.3.1
    Checking tinyvec v1.13.3
    Checking linux-raw-sys v0.12.1
    Checking crossbeam-channel v0.5.17
    Checking getrandom v0.4.3
    Checking getrandom v0.2.17
    Checking parking_lot_core v0.9.12
    Checking rand_core v0.6.4
    Checking unicode-normalization v0.1.25
    Checking crypto-common v0.1.7
    Checking parking_lot v0.12.5
    Checking same-file v1.0.6
    Checking walkdir v2.5.0
    Checking crc32fast v1.5.2
    Checking prodash v31.0.0
    Checking itoa v1.0.18
    Checking gix-utils v0.3.6
    Checking zlib-rs v0.6.8
    Checking block-buffer v0.10.4
    Checking hybrid-array v0.4.15
    Checking regex-automata v0.4.18
    Checking const-oid v0.9.6
    Checking zerofrom v0.1.8
    Checking hash32 v0.3.1
    Checking digest v0.10.7
    Checking pin-project-lite v0.2.17
    Checking heapless v0.8.0
    Checking yoke v0.8.3
    Checking const-oid v0.10.2
    Checking zerovec v0.11.8
    Checking crypto-common v0.2.2
    Checking rustix v1.1.5
    Checking block-buffer v0.12.1
    Checking faster-hex v0.10.1
    Checking serde_core v1.0.229
    Checking sha1 v0.10.7
    Checking equivalent v1.0.2
    Checking sha1-checked v0.10.0
    Checking digest v0.11.3
    Checking sha2 v0.11.0
    Checking allocator-api2 v0.2.21
    Checking writeable v0.6.4
    Checking foldhash v0.2.0
    Checking futures-core v0.3.34
    Checking jiff-core v0.1.1
    Checking tinystr v0.8.4
    Checking litemap v0.8.3
    Checking icu_locale_core v2.3.0
    Checking jiff v0.2.37
    Checking hashbrown v0.17.1
    Checking potential_utf v0.1.6
    Checking zerotrie v0.2.5
    Checking serde v1.0.229
    Checking utf8_iter v1.0.4
    Checking icu_collections v2.3.0
    Checking icu_provider v2.3.1
    Checking bstr v1.13.1
    Checking zerocopy v0.8.59
    Checking num-traits v0.2.19
    Checking bytes v1.12.1
    Checking gix-validate v0.11.4
    Checking gix-path v0.12.6
    Checking gix-error v0.2.5
    Checking getrandom v0.3.4
    Checking memmap2 v0.9.11
    Checking gix-features v0.48.1
    Checking icu_normalizer_data v2.3.0
    Checking icu_properties_data v2.3.0
    Checking rand_core v0.9.5
    Checking utf16_iter v1.0.5
    Checking gix-hash v0.25.1
    Checking write16 v1.0.0
    Checking gix-fs v0.21.2
    Checking icu_normalizer v2.3.0
    Checking gix-hashtable v0.15.2
    Checking gix-date v0.15.6
    Checking bytemuck v1.25.2
    Checking icu_properties v2.3.0
    Checking errno v0.3.14
    Checking gix-actor v0.41.2
    Checking tracing-core v0.1.36
    Checking either v1.18.0
    Checking gix-object v0.62.0
    Checking futures-sink v0.3.34
    Checking log v0.4.34
    Checking tempfile v3.27.0
    Checking signal-hook-registry v1.4.8
    Checking gix-chunk v0.7.3
    Checking mio v1.2.3
    Checking inout v0.1.4
    Checking nonempty v0.12.0
    Checking subtle v2.6.1
    Checking cipher v0.4.4
    Checking tracing v0.1.44
    Checking universal-hash v0.5.1
    Checking gix-tempfile v23.0.2
    Checking icu_locale_fallback_data v2.3.0
    Checking opaque-debug v0.3.1
    Checking iana-time-zone v0.1.65
    Checking lazy_static v1.5.0
    Checking futures-io v0.3.34
    Checking sharded-slab v0.1.7
    Checking tokio v1.53.1
    Checking chrono v0.4.45
    Checking polyval v0.6.2
    Checking gix-lock v23.0.1
    Checking icu_locale_fallback v2.3.0
    Checking libm v0.2.16
    Checking tracing-log v0.2.0
    Checking arc-swap v1.9.2
    Checking num-integer v0.1.47
    Checking matchers v0.2.0
    Checking chacha20 v0.10.2
    Checking thread_local v1.1.10
    Checking percent-encoding v2.3.2
    Checking unicode-width v0.1.14
    Checking nu-ansi-term v0.50.3
    Checking miette v7.6.0
    Checking tracing-subscriber v0.3.23
    Checking ppv-lite86 v0.2.21
    Checking rand v0.10.3
    Checking num-bigint v0.4.8
    Checking memoffset v0.9.1
    Checking icu_collator_data v2.3.0
    Checking rand_chacha v0.9.0
    Checking zmij v1.0.23
    Checking rand v0.9.5
    Checking ghash v0.5.1
    Checking icu_locale_data v2.3.0
    Checking strum v0.26.3
    Checking ctr v0.9.2
    Checking aes v0.8.4
    Checking gix-commitgraph v0.37.1
    Checking regex v1.13.1
    Checking aead v0.5.2
    Checking siphasher v1.0.4
    Checking sha1_smol v1.0.1
    Checking softaes v0.1.6
    Checking rustc-hash v2.1.3
    Checking aes-gcm v0.10.3
    Checking fastbloom v0.14.1
    Checking uuid v1.26.1
    Checking bigdecimal v0.4.10
    Checking aristo v0.4.1
    Checking aegis v0.9.20
    Checking gix-revwalk v0.33.0
    Checking icu_locale v2.3.1
    Checking turso_parser v0.8.0-pre.7 (https://github.com/cachix/turso.git?rev=dca55133caa690f90dcdd58d3c4329fb0703659c#dca55133)
    Checking serde_json v1.0.151
    Checking twox-hash v2.1.4
    Checking icu_collator v2.3.1
    Checking intrusive-collections v0.9.7
    Checking branches v0.4.6
    Checking crc32c v0.6.8
    Checking simsimd v6.5.16
    Checking uncased v0.9.10
    Checking turso_ext v0.8.0-pre.7 (https://github.com/cachix/turso.git?rev=dca55133caa690f90dcdd58d3c4329fb0703659c#dca55133)
    Checking io-uring v0.7.15
    Checking crossbeam-epoch v0.9.21
    Checking polling v3.11.0
    Checking futures-channel v0.3.34
    Checking pack1 v1.1.0
    Checking roaring v0.11.5
    Checking rapidhash v4.5.1
    Checking gix-quote v0.7.2
    Checking gix-sec v0.14.2
    Checking libloading v0.8.9
    Checking fallible-iterator v0.3.0
    Checking powerfmt v0.2.0
    Checking bumpalo v3.20.3
    Checking allocator-api2 v0.4.0
    Checking num-conv v0.2.2
    Checking hex v0.4.3
    Checking time-core v0.1.9
    Checking genawaiter-macro v0.99.1
    Checking deranged v0.5.8
    Checking ryu v1.0.23
    Checking simdutf8 v0.1.5
    Checking cfg_block v0.1.1
    Checking futures-task v0.3.34
    Checking slab v0.4.12
    Checking genawaiter v0.99.1
    Checking io-lifetimes v2.0.4
    Checking futures-util v0.3.34
    Checking io-lifetimes v3.0.1
    Checking gix-ref v0.65.0
    Checking env_filter v2.0.0
    Checking http v1.5.0
    Checking hashbrown v0.16.1
    Checking turso_core v0.8.0-pre.7 (https://github.com/cachix/turso.git?rev=dca55133caa690f90dcdd58d3c4329fb0703659c#dca55133)
    Checking time v0.3.55
    Checking shell-words v1.1.1
    Checking fnv v1.0.7
    Checking symlink v0.1.0
    Checking gix-command v0.9.2
    Checking clru v0.6.3
    Checking env_logger v0.11.11
    Checking io-extras v0.19.0
    Checking fs-set-times v0.20.3
    Checking prost v0.14.4
    Checking tokio-util v0.7.19
    Checking gix-url v0.36.2
    Checking idna_adapter v1.2.2
    Checking rustix-linux-procfs v0.1.1
    Checking gix-glob v0.26.1
    Checking gix-packetline v0.21.5
    Checking base64 v0.22.1
    Checking parking v2.2.1
    Checking ipnet v2.12.2
    Checking ambient-authority v0.0.2
    Checking maybe-owned v0.3.4
    Checking futures-lite v2.6.1
    Checking gix-transport v0.57.2
    Checking cap-primitives v4.0.3
    Checking ref-cast v1.0.27
    Checking pin-project v1.1.13
    Checking tokio-stream v0.1.19
    Checking tracing-appender v0.2.5
    Checking idna v1.1.0
    Checking gix-pack v0.72.0
    Checking zstd-sys v2.1.0+zstd.1.5.7
    Checking gix-traverse v0.59.0
    Checking gix-revision v0.47.0
    Checking half v2.7.1
    Checking futures-executor v0.3.34
    Checking form_urlencoded v1.2.2
    Checking gix-shallow v0.12.1
    Checking safe_arch v0.7.4
    Checking gix-config-value v0.18.1
    Checking gix-bitmap v0.3.3
    Checking filetime v0.2.29
    Checking inplace-vec-builder v0.1.1
    Checking ciborium-io v0.2.2
    Checking anstyle v1.0.14
    Checking binary-merge v0.1.2
    Checking arrayvec v0.7.8
    Checking clap_lex v1.1.1
    Checking unicode-bom v2.0.3
    Checking constant_time_eq v0.4.2
    Checking range-collections v0.4.6
    Checking gix-config v0.58.0
    Checking clap_builder v4.6.7
    Checking blake3 v1.8.7
    Checking wide v0.7.33
    Checking gix-odb v0.82.0
    Checking ciborium-ll v0.2.2
    Checking async-stream v0.3.6
    Checking gix-protocol v0.63.0
    Checking gix-index v0.53.0
    Checking gix-refspec v0.43.0
    Checking url v2.5.8
    Checking futures v0.3.34
    Checking cap-std v4.0.3
    Checking zstd-safe v7.3.0
    Checking iroh-io v0.6.2
    Checking nix v0.31.3
    Checking portable-atomic v1.15.0
    Checking gix-discover v0.53.0
    Checking gix-diff v0.65.0
    Checking itertools v0.15.0
    Checking itertools v0.10.5
    Checking rand_xoshiro v0.7.0
    Checking sha2 v0.10.9
    Checking positioned-io v0.3.5
    Checking wait-timeout v0.2.1
    Checking bit-vec v0.8.0
    Checking humantime v2.4.0
    Checking archery v1.2.3
    Checking quick-error v1.2.3
    Checking self_cell v1.3.0
    Checking cast v0.3.0
    Checking imbl-sized-chunks v0.2.0
    Checking bao-tree v0.16.1
    Checking bit-set v0.8.0
    Checking rusty-fork v0.3.1
    Checking nix-archive v0.6.0
    Checking object_store v0.14.2
    Checking imbl v7.0.2
    Checking criterion-plot v0.5.0
    Checking astral-tokio-tar v0.6.4
    Checking gix v0.85.0
    Checking zstd v0.13.3
    Checking cap-fs-ext v4.0.3
    Checking clap v4.6.7
    Checking fastcdc v5.0.0
    Checking ciborium v0.2.2
    Checking tinytemplate v1.2.1
    Checking fs4 v1.1.0
    Checking rand_xorshift v0.4.0
    Checking md-5 v0.11.0
    Checking is-terminal v0.4.17
    Checking oorandom v11.1.5
    Checking data-encoding v2.11.1
    Checking unarray v0.1.4
    Checking anes v0.1.6
    Checking proptest v1.11.0
    Checking criterion v0.5.1
    Checking turso_sdk_kit v0.8.0-pre.7 (https://github.com/cachix/turso.git?rev=dca55133caa690f90dcdd58d3c4329fb0703659c#dca55133)
    Checking turso_sync_engine v0.8.0-pre.7 (https://github.com/cachix/turso.git?rev=dca55133caa690f90dcdd58d3c4329fb0703659c#dca55133)
    Checking turso_sync_sdk_kit v0.8.0-pre.7 (https://github.com/cachix/turso.git?rev=dca55133caa690f90dcdd58d3c4329fb0703659c#dca55133)
    Checking turso v0.8.0-pre.7 (https://github.com/cachix/turso.git?rev=dca55133caa690f90dcdd58d3c4329fb0703659c#dca55133)
    Checking casita v0.1.0 (/home/pveierland/dev/git-import-perf/casita/crates/casita)
error: this boolean expression can be simplified
  --> crates/casita/src/git/repository/closure_import/workers/streaming.rs:59:24
   |
59 |                     if !path.extension().is_some_and(|ext| ext == "idx") {
   |                        ^^^^^^^^^^^^^^^^^^^^^^^^^^^^^^^^^^^^^^^^^^^^^^^^^ help: try: `path.extension().is_none_or(|ext| ext != "idx")`
   |
   = help: for further information visit https://rust-lang.github.io/rust-clippy/rust-1.96.0/index.html#nonminimal_bool
   = note: `-D clippy::nonminimal-bool` implied by `-D warnings`
   = help: to override `-D warnings` add `#[allow(clippy::nonminimal_bool)]`

error: the borrowed expression implements the required traits
   --> crates/casita/src/git/repository/closure_import/workers.rs:169:49
    |
169 |             let header = self.sources[0].header(&oid).map_err(source_error)?;
    |                                                 ^^^^ help: change this to: `oid`
    |
    = help: for further information visit https://rust-lang.github.io/rust-clippy/rust-1.96.0/index.html#needless_borrows_for_generic_args
    = note: `-D clippy::needless-borrows-for-generic-args` implied by `-D warnings`
    = help: to override `-D warnings` add `#[allow(clippy::needless_borrows_for_generic_args)]`

error: the borrowed expression implements the required traits
   --> crates/casita/src/git/repository/closure_import/workers.rs:245:47
    |
245 |             let size = self.sources[0].header(&oid).map_err(source_error)?.size();
    |                                               ^^^^ help: change this to: `oid`
    |
    = help: for further information visit https://rust-lang.github.io/rust-clippy/rust-1.96.0/index.html#needless_borrows_for_generic_args

error: could not compile `casita` (lib) due to 3 previous errors
