
running 2 tests
test benchmark_chunk_manifest_stream ... ignored, run through benchmark run chunk-manifest-stream
test streaming_manifest_fixture_checks_both_backends_without_whole_file_buffers ... ok

test result: ok. 1 passed; 0 failed; 1 ignored; 0 measured; 0 filtered out; finished in 0.14s


running 4 tests
test benchmark_chunk_upload_completion ... ignored, run through benchmark run chunk-upload-completion
test completed_uploads_allow_new_work_past_an_earlier_straggler ... ok
test stalled_first_upload_bounds_completed_manifest_metadata ... ok
test completion_order_preserves_fastcdc_manifests_and_verified_bytes ... ok

test result: ok. 3 passed; 0 failed; 1 ignored; 0 measured; 0 filtered out; finished in 0.34s


running 15 tests
test benchmark_git_closure_import ... ignored, run through benchmark run git-closure-import
test excessive_worker_requests_are_bounded_by_the_metadata_frontier ... ok
test worker_seals_reject_false_backend_digests_before_publication ... ok
test failed_import_checkpoints_never_claim_an_incomplete_tree_is_validated ... ok
test supports_sha256_and_rejects_wrong_types ... ok
test imports_only_selected_closures_and_repeats_without_source_access ... ok
test an_existing_parent_is_not_a_complete_closure_and_can_be_repaired ... ok
test reuses_subtrees_across_unrelated_roots_without_reading_old_source_objects ... ok
test packed_alternates_import_tag_and_commit_closures_without_following_gitlinks ... ok
test parallel_native_verification_rejects_corrupt_source_identity ... ok
test an_oversized_source_body_does_not_admit_an_empty_sibling ... ok
test closure_witnesses_survive_reopening_a_local_repository ... ok
test parallel_windows_progress_with_one_blocking_thread ... ok
test parallel_import_verifies_objects_from_primary_and_alternate_packs ... ok
test parallel_decode_preserves_closures_and_bounds_each_window ... ok

test result: ok. 14 passed; 0 failed; 1 ignored; 0 measured; 0 filtered out; finished in 0.48s

